WAServiceMainContext.js?t=wechat&v=3.17.1:1 [system] WeChatLib: 3.17.1 (2026.8.25 12:16:39)
WAServiceMainContext.js?t=wechat&v=3.17.1:1 [system] Subpackages: N/A
WAServiceMainContext.js?t=wechat&v=3.17.1:1 [system] LazyCodeLoading: true
WAServiceMainContext.js?t=wechat&v=3.17.1:1 Lazy code loading is enabled. Only injecting required components.
WAServiceMainContext.js?t=wechat&v=3.17.1:1 [Perf] App.onLaunch took 802ms
t.<computed> @ WAServiceMainContext.js?t=wechat&v=3.17.1:1
vl @ WAServiceMainContext.js?t=wechat&v=3.17.1:1
(anonymous) @ WAServiceMainContext.js?t=wechat&v=3.17.1:1
l @ WAServiceMainContext.js?t=wechat&v=3.17.1:1
(anonymous) @ WASubContext.js?t=wechat&v=3.17.1:1
Zr @ WASubContext.js?t=wechat&v=3.17.1:1
(anonymous) @ WASubContext.js?t=wechat&v=3.17.1:1
(anonymous) @ WASubContext.js?t=wechat&v=3.17.1:1
(anonymous) @ app.js:2
f @ WASubContext.js?t=wechat&v=3.17.1:1
A @ WASubContext.js?t=wechat&v=3.17.1:1
(anonymous) @ WASubContext.js?t=wechat&v=3.17.1:1
runWith @ WASubContext.js?t=wechat&v=3.17.1:1
J @ WASubContext.js?t=wechat&v=3.17.1:1
await (async)
(anonymous) @ appservice.app.js:5
batchLoadJsFiles @ WAServiceMainContext.js?t=wechat&v=3.17.1:1
loadJsFiles @ WAServiceMainContext.js?t=wechat&v=3.17.1:1
L @ WAServiceMainContext.js?t=wechat&v=3.17.1:1
(anonymous) @ WAServiceMainContext.js?t=wechat&v=3.17.1:1
(anonymous) @ WAServiceMainContext.js?t=wechat&v=3.17.1:1
wrapComponentsInjection @ WAServiceMainContext.js?t=wechat&v=3.17.1:1
wrapSubPackagesInjection @ WAServiceMainContext.js?t=wechat&v=3.17.1:1
B @ WAServiceMainContext.js?t=wechat&v=3.17.1:1
(anonymous) @ WAServiceMainContext.js?t=wechat&v=3.17.1:1
(anonymous) @ WAServiceMainContext.js?t=wechat&v=3.17.1:1
l.emit @ WAServiceMainContext.js?t=wechat&v=3.17.1:1
emit @ WAServiceMainContext.js?t=wechat&v=3.17.1:1
(anonymous) @ WAServiceMainContext.js?t=wechat&v=3.17.1:1
(anonymous) @ WAServiceMainContext.js?t=wechat&v=3.17.1:1
(anonymous) @ WAServiceMainContext.js?t=wechat&v=3.17.1:1
(anonymous) @ WAServiceMainContext.js?t=wechat&v=3.17.1:1
_emit @ WAServiceMainContext.js?t=wechat&v=3.17.1:1
emit @ WAServiceMainContext.js?t=wechat&v=3.17.1:1
The resource http://127.0.0.1:26483/__dev__/WAServiceMainContext.js?t=wechat&v=3.17.1 was preloaded using link preload but not used within a few seconds from the window's load event. Please make sure it has an appropriate `as` value and it is preloaded intentionally.
The resource http://127.0.0.1:26483/__dev__/WAAutoService.js?t=wechat&v=3.17.1 was preloaded using link preload but not used within a few seconds from the window's load event. Please make sure it has an appropriate `as` value and it is preloaded intentionally.
[自动热重载] 已开启代码文件保存后自动热重载
[自动热重载] 已开启代码文件保存后自动热重载
WAServiceMainContext.js?t=wechat&v=3.17.1:1 云函数 reviewSpot 调用失败 <Error: cloud.callFunction:fail Error: errCode: -504002 functions execute fail | errMsg: Error: document.update:fail -502001 database request fail. [FailedOperation] multiple write errors: [{write errors: [{Cannot create field 'category' in element {current: null}}]}, {<nil>}] 更多错误信息请访问：https://docs.cloudbase.net/error-code/basic/DATABASE_REQUEST_FAILED
    at toSDKError (/var/user/node_modules/wx-server-sdk/index.js:8175:19)
    at Object.returnAsFinalCloudSDKError (/var/user/node_modules/wx-server-sdk/index.js:8146:12)
    at /var/user/node_modules/wx-server-sdk/index.js:1426:32
    at processTicksAndRejections (node:internal/process/task_queues:96:5) (callId: 1787741460598-0.36118508130339644) (trace: 18:51:0 start->18:51:1 system error (Error: errCode: -504002 functions execute fail | errMsg: Error: document.update:fail -502001 database request fail. [FailedOperation] multiple write errors: [{write errors: [{Cannot create field 'category' in element {current: null}}]}, {<nil>}] 更多错误信息请访问：https://docs.cloudbase.net/error-code/basic/DATABASE_REQUEST_FAILED
    at toSDKError (/var/user/node_modules/wx-server-sdk/index.js:8175:19)
    at Object.returnAsFinalCloudSDKError (/var/user/node_modules/wx-server-sdk/index.js:8146:12)
    at /var/user/node_modules/wx-server-sdk/index.js:1426:32
    at processTicksAndRejections (node:internal/process/task_queues:96:5)), abort)>
Error: cloud.callFunction:fail Error: errCode: -504002 functions execute fail | errMsg: Error: document.update:fail -502001 database request fail. [FailedOperation] multiple write errors: [{write errors: [{Cannot create field 'category' in element {current: null}}]}, {<nil>}] 更多错误信息请访问：https://docs.cloudbase.net/error-code/basic/DATABASE_REQUEST_FAILED
    at toSDKError (/var/user/node_modules/wx-server-sdk/index.js:8175:19)
    at Object.returnAsFinalCloudSDKError (/var/user/node_modules/wx-server-sdk/index.js:8146:12)
    at /var/user/node_modules/wx-server-sdk/index.js:1426:32
    at processTicksAndRejections (node:internal/process/task_queues:96:5) (callId: 1787741460598-0.36118508130339644) (trace: 18:51:0 start->18:51:1 system error (Error: errCode: -504002 functions execute fail | errMsg: Error: document.update:fail -502001 database request fail. [FailedOperation] multiple write errors: [{write errors: [{Cannot create field 'category' in element {current: null}}]}, {<nil>}] 更多错误信息请访问：https://docs.cloudbase.net/error-code/basic/DATABASE_REQUEST_FAILED
    at toSDKError (/var/user/node_modules/wx-server-sdk/index.js:8175:19)
    at Object.returnAsFinalCloudSDKError (/var/user/node_modules/wx-server-sdk/index.js:8146:12)
    at /var/user/node_modules/wx-server-sdk/index.js:1426:32
    at processTicksAndRejections (node:internal/process/task_queues:96:5)), abort)
    at N (<anonymous>:1:255194)
    at <anonymous>:1:293368(env: Windows,mp,2.02.2608040; lib: 3.17.1)
t.<computed> @ WAServiceMainContext.js?t=wechat&v=3.17.1:1
(anonymous) @ cloud.js:15
Promise.catch (async)
(anonymous) @ cloud.js:14
callCloud @ cloud.js:3
(anonymous) @ admin.js? [sm]:19
(anonymous) @ VM1330:1
(anonymous) @ VM1330:1
asyncGeneratorStep @ VM1329:1
c @ VM1329:1
(anonymous) @ VM1329:1
(anonymous) @ VM1329:1
review @ admin.js? [sm]:24
o.safeCallback @ WASubContext.js?t=wechat&v=3.17.1:1
(anonymous) @ WASubContext.js?t=wechat&v=3.17.1:1
jn @ WASubContext.js?t=wechat&v=3.17.1:1
(anonymous) @ WASubContext.js?t=wechat&v=3.17.1:1
ce @ WASubContext.js?t=wechat&v=3.17.1:1
le @ WASubContext.js?t=wechat&v=3.17.1:1
(anonymous) @ WASubContext.js?t=wechat&v=3.17.1:1
(anonymous) @ WAServiceMainContext.js?t=wechat&v=3.17.1:1
(anonymous) @ WAServiceMainContext.js?t=wechat&v=3.17.1:1
_emit @ WAServiceMainContext.js?t=wechat&v=3.17.1:1
emit @ WAServiceMainContext.js?t=wechat&v=3.17.1:1
dispatch @ WAServiceMainContext.js?t=wechat&v=3.17.1:1
cb @ WAServiceMainContext.js?t=wechat&v=3.17.1:1
emit @ VM1245 sandbox_bundle:2
onMessage @ VM1245 sandbox_bundle:2
WAServiceMainContext.js?t=wechat&v=3.17.1:1 <Error: MiniProgramError
cloud.callFunction:fail Error: errCode: -504002 functions execute fail | errMsg: Error: document.update:fail -502001 database request fail. [FailedOperation] multiple write errors: [{write errors: [{Cannot create field 'category' in element {current: null}}]}, {<nil>}] 更多错误信息请访问：https://docs.cloudbase.net/error-code/basic/DATABASE_REQUEST_FAILED
    at toSDKError (/var/user/node_modules/wx-server-sdk/index.js:8175:19)
    at Object.returnAsFinalCloudSDKError (/var/user/node_modules/wx-server-sdk/index.js:8146:12)
    at /var/user/node_modules/wx-server-sdk/index.js:1426:32
    at processTicksAndRejections (node:internal/process/task_queues:96:5) (callId: 1787741460598-0.36118508130339644) (trace: 18:51:0 start->18:51:1 system error (Error: errCode: -504002 functions execute fail | errMsg: Error: document.update:fail -502001 database request fail. [FailedOperation] multiple write errors: [{write errors: [{Cannot create field 'category' in element {current: null}}]}, {<nil>}] 更多错误信息请访问：https://docs.cloudbase.net/error-code/basic/DATABASE_REQUEST_FAILED
    at toSDKError (/var/user/node_modules/wx-server-sdk/index.js:8175:19)
    at Object.returnAsFinalCloudSDKError (/var/user/node_modules/wx-server-sdk/index.js:8146:12)
    at /var/user/node_modules/wx-server-sdk/index.js:1426:32
    at processTicksAndRejections (node:internal/process/task_queues:96:5)), abort)>
Error: cloud.callFunction:fail Error: errCode: -504002 functions execute fail | errMsg: Error: document.update:fail -502001 database request fail. [FailedOperation] multiple write errors: [{write errors: [{Cannot create field 'category' in element {current: null}}]}, {<nil>}] 更多错误信息请访问：https://docs.cloudbase.net/error-code/basic/DATABASE_REQUEST_FAILED
    at toSDKError (/var/user/node_modules/wx-server-sdk/index.js:8175:19)
    at Object.returnAsFinalCloudSDKError (/var/user/node_modules/wx-server-sdk/index.js:8146:12)
    at /var/user/node_modules/wx-server-sdk/index.js:1426:32
    at processTicksAndRejections (node:internal/process/task_queues:96:5) (callId: 1787741460598-0.36118508130339644) (trace: 18:51:0 start->18:51:1 system error (Error: errCode: -504002 functions execute fail | errMsg: Error: document.update:fail -502001 database request fail. [FailedOperation] multiple write errors: [{write errors: [{Cannot create field 'category' in element {current: null}}]}, {<nil>}] 更多错误信息请访问：https://docs.cloudbase.net/error-code/basic/DATABASE_REQUEST_FAILED
    at toSDKError (/var/user/node_modules/wx-server-sdk/index.js:8175:19)
    at Object.returnAsFinalCloudSDKError (/var/user/node_modules/wx-server-sdk/index.js:8146:12)
    at /var/user/node_modules/wx-server-sdk/index.js:1426:32
    at processTicksAndRejections (node:internal/process/task_queues:96:5)), abort)
    at N (<anonymous>:1:255194)
    at <anonymous>:1:293368(env: Windows,mp,2.02.2608040; lib: 3.17.1)
t.<computed> @ WAServiceMainContext.js?t=wechat&v=3.17.1:1
errorReport @ WAServiceMainContext.js?t=wechat&v=3.17.1:1
thirdErrorReport @ WAServiceMainContext.js?t=wechat&v=3.17.1:1
(anonymous) @ WAServiceMainContext.js?t=wechat&v=3.17.1:1
i @ WASubContext.js?t=wechat&v=3.17.1:1
(anonymous) @ WASubContext.js?t=wechat&v=3.17.1:1
_privEmit @ WASubContext.js?t=wechat&v=3.17.1:1
emit @ WASubContext.js?t=wechat&v=3.17.1:1
(anonymous) @ WASubContext.js?t=wechat&v=3.17.1:1
o @ WASubContext.js?t=wechat&v=3.17.1:1
Ze @ WASubContext.js?t=wechat&v=3.17.1:1
rt @ WASubContext.js?t=wechat&v=3.17.1:1
ue @ WASubContext.js?t=wechat&v=3.17.1:1
(anonymous) @ WASubContext.js?t=wechat&v=3.17.1:1
